// Jest Snapshot v1, https://goo.gl/fbAQLP

exports[`matches snapshot 1`] = `
<div>
  <button
    data-testid="button"
  >
    click menmj omar
  </button>
</div>
`;
